One of the DevOps engineers was trying to deploy a python app on Kubernetes cluster. Unfortunately, due to some mis-configuration, the application is not coming up. Please take a look into it and fix the issues. Application should be accessible on the specified nodePort.
1.The deployment name is python-deployment-xfusion, its using poroko/flask-demo-app image. The deployment and service of this app is already deployed.
2.nodePort should be 32345 and targetPort should be python flask app's default port.


thor@jump_host ~$ kubectl describe pods python-deployment-xfusion-5dcd4fff84-n5246 
Name:             python-deployment-xfusion-5dcd4fff84-n5246
Namespace:        default
Priority:         0
Service Account:  default
Node:             kodekloud-control-plane/172.17.0.2
Start Time:       Mon, 04 Dec 2023 12:42:37 +0000
Labels:           app=python_app
                  pod-template-hash=5dcd4fff84
Annotations:      <none>
Status:           Pending
IP:               10.244.0.6
IPs:
  IP:           10.244.0.6
Controlled By:  ReplicaSet/python-deployment-xfusion-5dcd4fff84
Containers:
  python-container-xfusion:
    Container ID:   
    Image:          poroko/flask-app-demo
    Image ID:       
    Port:           5000/TCP
    Host Port:      0/TCP
    State:          Waiting
      Reason:       ImagePullBackOff
    Ready:          False
    Restart Count:  0
    Environment:    <none>
    Mounts:
      /var/run/secrets/kubernetes.io/serviceaccount from kube-api-access-kcqj4 (ro)
Conditions:
  Type              Status
  Initialized       True 
  Ready             False 
  ContainersReady   False 
  PodScheduled      True 
Volumes:
  kube-api-access-kcqj4:
    Type:                    Projected (a volume that contains injected data from multiple sources)
    TokenExpirationSeconds:  3607
    ConfigMapName:           kube-root-ca.crt
    ConfigMapOptional:       <nil>
    DownwardAPI:             true
QoS Class:                   BestEffort
Node-Selectors:              <none>
Tolerations:                 node.kubernetes.io/not-ready:NoExecute op=Exists for 300s
                             node.kubernetes.io/unreachable:NoExecute op=Exists for 300s
Events:
  Type     Reason     Age                     From               Message
  ----     ------     ----                    ----               -------
  Normal   Scheduled  9m38s                   default-scheduler  Successfully assigned default/python-deployment-xfusion-5dcd4fff84-n5246 to kodekloud-control-plane
  Normal   Pulling    8m22s (x4 over 9m37s)   kubelet            Pulling image "poroko/flask-app-demo"
  Warning  Failed     8m22s (x4 over 9m37s)   kubelet            Failed to pull image "poroko/flask-app-demo": rpc error: code = Unknown desc = failed to pull and unpack image "docker.io/poroko/flask-app-demo:latest": failed to resolve reference "docker.io/poroko/flask-app-demo:latest": pull access denied, repository does not exist or may require authorization: server message: insufficient_scope: authorization failed
  Warning  Failed     8m22s (x4 over 9m37s)   kubelet            Error: ErrImagePull
  Warning  Failed     8m (x6 over 9m36s)      kubelet            Error: ImagePullBackOff
  Normal   BackOff    4m34s (x21 over 9m36s)  kubelet            Back-off pulling image "poroko/flask-app-demo"



WRONG IMAGE NAME,YOU CAN CHECK CONNECTING TO DOCKER HUB AND CHECK IMAGE NAME; (https://hub.docker.com/r/poroko/flask-demo-app)
thor@jump_host ~$ kubectl get deployments.apps python-deployment-xfusion -o yaml
apiVersion: apps/v1
kind: Deployment
metadata:
  annotations:
    deployment.kubernetes.io/revision: "1"
    kubectl.kubernetes.io/last-applied-configuration: |
      {"apiVersion":"apps/v1","kind":"Deployment","metadata":{"annotations":{},"name":"python-deployment-xfusion","namespace":"default"},"spec":{"replicas":1,"selector":{"matchLabels":{"app":"python_app"}},"template":{"metadata":{"labels":{"app":"python_app"}},"spec":{"containers":[{"image":"poroko/flask-app-demo","name":"python-container-xfusion","ports":[{"containerPort":5000}]}]}}}}
  creationTimestamp: "2023-12-04T12:32:13Z"
  generation: 3
  name: python-deployment-xfusion
  namespace: default
  resourceVersion: "5811"
  uid: f5d060ba-05da-4266-ba42-6cbfd7ec1e48
spec:
  progressDeadlineSeconds: 600
  replicas: 1
  revisionHistoryLimit: 10
  selector:
    matchLabels:
      app: python_app
  strategy:
    rollingUpdate:
      maxSurge: 25%
      maxUnavailable: 25%
    type: RollingUpdate
  template:
    metadata:
      creationTimestamp: null
      labels:
        app: python_app
    spec:
      containers:
      - image: poroko/flask-app-demo          -->CHANGE to poroko/flask-demo-app
        imagePullPolicy: Always
        name: python-container-xfusion
        ports:
        - containerPort: 5000
          protocol: TCP
        resources: {}
        terminationMessagePath: /dev/termination-log
        terminationMessagePolicy: File
      dnsPolicy: ClusterFirst
      restartPolicy: Always
      schedulerName: default-scheduler
      securityContext: {}
      terminationGracePeriodSeconds: 30
status:
  conditions:
  - lastTransitionTime: "2023-12-04T12:42:35Z"
    lastUpdateTime: "2023-12-04T12:42:35Z"
    message: ReplicaSet "python-deployment-xfusion-5dcd4fff84" has successfully progressed.
    reason: NewReplicaSetAvailable
    status: "True"
    type: Progressing
  - lastTransitionTime: "2023-12-04T12:42:37Z"
    lastUpdateTime: "2023-12-04T12:42:37Z"
    message: Deployment does not have minimum availability.
    reason: MinimumReplicasUnavailable
    status: "False"
    type: Available
  observedGeneration: 3
  replicas: 1
  unavailableReplicas: 1
  updatedReplicas: 1



thor@jump_host ~$ kubectl get svc python-service-xfusion 
NAME                     TYPE       CLUSTER-IP    EXTERNAL-IP   PORT(S)          AGE
python-service-xfusion   NodePort   10.96.170.5   <none>        8080:32345/TCP   2m58s


EDIT TARGET PORTS;
thor@jump_host ~$ kubectl edit svc python-service-xfusion 
thor@jump_host ~$ kubectl describe svc python-service-xfusion 
Name:                     python-service-xfusion
Namespace:                default
Labels:                   <none>
Annotations:              <none>
Selector:                 app=python_app
Type:                     NodePort
IP Family Policy:         SingleStack
IP Families:              IPv4
IP:                       10.96.170.5
IPs:                      10.96.170.5
Port:                     <unset>  8080/TCP
TargetPort:               5000/TCP
NodePort:                 <unset>  32345/TCP
Endpoints:                
Session Affinity:         None
External Traffic Policy:  Cluster
Events:                   <none>

thor@jump_host ~$ kubectl get svc -o yaml
   name: python-service-xfusion
    namespace: default
    resourceVersion: "5710"
    uid: bd8e0753-7f63-4aed-a558-9df55f1d02c9
  spec:
    clusterIP: 10.96.170.5
    clusterIPs:
    - 10.96.170.5
    externalTrafficPolicy: Cluster
    internalTrafficPolicy: Cluster
    ipFamilies:
    - IPv4
    ipFamilyPolicy: SingleStack
    ports:
    - nodePort: 32345
      port: 8080
      protocol: TCP
      targetPort: 5000
    selector:
      app: python_app
    sessionAffinity: None
    type: NodePort
  status:
    loadBalancer: {}
kind: List
metadata:
  resourceVersion: ""

thor@jump_host ~$ kubectl describe pods
Name:             python-deployment-xfusion-74f98d699b-bphxn
Namespace:        default
Priority:         0
Service Account:  default
Node:             kodekloud-control-plane/172.17.0.2
Start Time:       Mon, 04 Dec 2023 12:54:44 +0000
Labels:           app=python_app
                  pod-template-hash=74f98d699b
Annotations:      <none>
Status:           Running
IP:               10.244.0.7
IPs:
  IP:           10.244.0.7
Controlled By:  ReplicaSet/python-deployment-xfusion-74f98d699b
Containers:
  python-container-xfusion:
    Container ID:   containerd://e214f0cab9710ae98ef0cbc44ae723feaab829860ebf6225f0da978157865913
    Image:          poroko/flask-demo-app
    Image ID:       docker.io/poroko/flask-demo-app@sha256:c52bfc42b8766566df7da383f6e08d77f56ca022c7ea94fce51aa5b7ef66639b
    Port:           5000/TCP
    Host Port:      0/TCP
    State:          Running
      Started:      Mon, 04 Dec 2023 12:55:02 +0000
    Ready:          True
    Restart Count:  0
    Environment:    <none>
    Mounts:
      /var/run/secrets/kubernetes.io/serviceaccount from kube-api-access-4z5zd (ro)
Conditions:
  Type              Status
  Initialized       True 
  Ready             True 
  ContainersReady   True 
  PodScheduled      True 
Volumes:
  kube-api-access-4z5zd:
    Type:                    Projected (a volume that contains injected data from multiple sources)
    TokenExpirationSeconds:  3607
    ConfigMapName:           kube-root-ca.crt
    ConfigMapOptional:       <nil>
    DownwardAPI:             true
QoS Class:                   BestEffort
Node-Selectors:              <none>
Tolerations:                 node.kubernetes.io/not-ready:NoExecute op=Exists for 300s
                             node.kubernetes.io/unreachable:NoExecute op=Exists for 300s
Events:
  Type    Reason     Age    From               Message
  ----    ------     ----   ----               -------
  Normal  Scheduled  2m44s  default-scheduler  Successfully assigned default/python-deployment-xfusion-74f98d699b-bphxn to kodekloud-control-plane
  Normal  Pulling    2m43s  kubelet            Pulling image "poroko/flask-demo-app"
  Normal  Pulled     2m27s  kubelet            Successfully pulled image "poroko/flask-demo-app" in 16.74556146s (16.745578027s including waiting)
  Normal  Created    2m27s  kubelet            Created container python-container-xfusion
  Normal  Started    2m26s  kubelet            Started container python-container-xfusion
thor@jump_host ~$ 
